2026-05-26 10:02:55.212 [warning] Dir "/home/student_03_27b4ee9c92df/.pixi/envs" is not watchable (directory does not exist)
2026-05-26 10:03:00.281 [info] Starting Environment refresh
2026-05-26 10:03:00.282 [info] Searching for interpreters in posix paths locator
2026-05-26 10:03:00.292 [info] Searching for pyenv environments
2026-05-26 10:03:00.292 [info] Searching for conda environments
2026-05-26 10:03:00.292 [info] Searching for global virtual environments
2026-05-26 10:03:00.292 [info] Searching for custom virtual environments
2026-05-26 10:03:00.299 [info] Skipping ActivatedEnv Detection:  process.env.VSCODE_CLI !== '1'
2026-05-26 10:03:00.299 [info] Skipping ActivatedEnv Detection:  process.env.VSCODE_CLI !== '1'
2026-05-26 10:03:00.303 [info] pyenv is not installed
2026-05-26 10:03:00.303 [info] Finished searching for pyenv environments: 20 milliseconds
2026-05-26 10:03:00.304 [info] Finished searching for custom virtual envs: 20 milliseconds
2026-05-26 10:03:00.319 [info] > conda info --json
2026-05-26 10:03:00.341 [info] > hatch env show --json
2026-05-26 10:03:00.341 [info] cwd: .
2026-05-26 10:03:00.367 [info] > pyenv which python
2026-05-26 10:03:00.367 [info] cwd: .
2026-05-26 10:03:00.368 [info] Finished searching for global virtual envs: 84 milliseconds
2026-05-26 10:03:00.379 [info] Found: /bin/python --> /bin/python3.12
2026-05-26 10:03:00.383 [info] Found: /bin/python3 --> /bin/python3.12
2026-05-26 10:03:00.385 [info] Found: /bin/python3.12 --> /bin/python3.12
2026-05-26 10:03:00.414 [info] Found: /usr/bin/python --> /usr/bin/python3.12
2026-05-26 10:03:00.415 [info] Found: /usr/bin/python3 --> /usr/bin/python3.12
2026-05-26 10:03:00.415 [info] Found: /usr/bin/python3.12 --> /usr/bin/python3.12
2026-05-26 10:03:00.506 [info] Finished searching for interpreters in posix paths locator: 210 milliseconds
2026-05-26 10:03:00.506 [info] > /bin/python -I /google/devshell/editor/code-oss-for-cloud-shell/extensions/ms-python.python/python_files/get_output_via_markers.py /google/devshell/editor/code-oss-for-cloud-shell/extensions/ms-python.python/python_files/interpreterInfo.py
2026-05-26 10:03:00.598 [info] > /usr/bin/python -I /google/devshell/editor/code-oss-for-cloud-shell/extensions/ms-python.python/python_files/get_output_via_markers.py /google/devshell/editor/code-oss-for-cloud-shell/extensions/ms-python.python/python_files/interpreterInfo.py
2026-05-26 10:03:00.598 [info] Environments refresh paths discovered (event): 319 milliseconds
2026-05-26 10:03:00.598 [info] Environments refresh paths discovered: 319 milliseconds
2026-05-26 10:03:00.696 [info] Environments refresh finished (event): 417 milliseconds
2026-05-26 10:03:00.710 [info] Environment refresh took 431 milliseconds
2026-05-26 10:03:00.720 [info] Python interpreter path: /bin/python
2026-05-26 10:03:07.656 [info] Starting Jedi language server for student_03_27b4ee9c92df.
