Initializing document watcher...
Document watcher initialized
/User/settings.json: Using EditorConfig core...
/User/settings.json: Using EditorConfig core...
/User/settings.json: Target charset is not set
student_03_27b4ee9c92df/analyze-images-v2.py: {"tabSize":4,"indentSize":4,"insertSpaces":true,"cursorStyle":1,"lineNumbers":1}
student_03_27b4ee9c92df/analyze-images-v2.py: Using EditorConfig core...
analyze-images-v2.py: Target charset is not set
student_03_27b4ee9c92df/analyze-images-v2.py: Using EditorConfig core...
student_03_27b4ee9c92df/analyze-images-v2.py: Using EditorConfig core...
analyze-images-v2.py: Target charset is not set
student_03_27b4ee9c92df/analyze-images-v2.py: {"tabSize":4,"indentSize":4,"insertSpaces":true,"cursorStyle":1,"lineNumbers":1}
student_03_27b4ee9c92df/analyze-images-v2.py: Using EditorConfig core...
student_03_27b4ee9c92df/analyze-images-v2.py: Using EditorConfig core...
student_03_27b4ee9c92df/analyze-images-v2.py: {"tabSize":4,"indentSize":4,"insertSpaces":true,"cursorStyle":1,"lineNumbers":1}
analyze-images-v2.py: Target charset is not set
student_03_27b4ee9c92df/analyze-images-v2.py: Using EditorConfig core...
student_03_27b4ee9c92df/analyze-images-v2.py: Using EditorConfig core...
analyze-images-v2.py: Target charset is not set
student_03_27b4ee9c92df/analyze-images-v2.py: {"tabSize":4,"indentSize":4,"insertSpaces":true,"cursorStyle":1,"lineNumbers":1}
student_03_27b4ee9c92df/analyze-images-v2.py: {"tabSize":4,"indentSize":4,"insertSpaces":true,"cursorStyle":1,"lineNumbers":1}
student_03_27b4ee9c92df/analyze-images-v2.py: {"tabSize":4,"indentSize":4,"insertSpaces":true,"cursorStyle":1,"lineNumbers":1}
student_03_27b4ee9c92df/analyze-images-v2.py: {"tabSize":4,"indentSize":4,"insertSpaces":true,"cursorStyle":1,"lineNumbers":1}
student_03_27b4ee9c92df/analyze-images-v2.py: Using EditorConfig core...
student_03_27b4ee9c92df/analyze-images-v2.py: Using EditorConfig core...
analyze-images-v2.py: Target charset is not set
student_03_27b4ee9c92df/analyze-images-v2.py: Using EditorConfig core...
student_03_27b4ee9c92df/analyze-images-v2.py: Using EditorConfig core...
analyze-images-v2.py: Target charset is not set
student_03_27b4ee9c92df/analyze-images-v2.py: Using EditorConfig core...
student_03_27b4ee9c92df/analyze-images-v2.py: Using EditorConfig core...
analyze-images-v2.py: Target charset is not set
student_03_27b4ee9c92df/analyze-images-v2.py: Using EditorConfig core...
student_03_27b4ee9c92df/analyze-images-v2.py: Using EditorConfig core...
analyze-images-v2.py: Target charset is not set
student_03_27b4ee9c92df/analyze-images-v2.py: Using EditorConfig core...
student_03_27b4ee9c92df/analyze-images-v2.py: Using EditorConfig core...
analyze-images-v2.py: Target charset is not set
student_03_27b4ee9c92df/analyze-images-v2.py: Using EditorConfig core...
student_03_27b4ee9c92df/analyze-images-v2.py: Using EditorConfig core...
analyze-images-v2.py: Target charset is not set
